** Drc report for countdown.kicad_pcb **
** Created on 2026-07-22T00:50:29 **
** Report includes: Errors **

** Found 0 DRC violations **

** Found 10 unconnected pads **
[unconnected_items]: Missing connection between items
    Local override; error
    @(17.6750 mm, 2.0000 mm): Track [SEG_F] on B.Cu, length 0.0250 mm
    @(17.6750 mm, 2.0000 mm): Pad 1 [SEG_F] of R6 on F.Cu
[unconnected_items]: Missing connection between items
    Local override; error
    @(25.1600 mm, 7.7000 mm): Track [DIG_3] on B.Cu, length 0.0400 mm
    @(25.1600 mm, 7.7000 mm): Pad 8 [DIG_3] of DS1 on F.Cu
[unconnected_items]: Missing connection between items
    Local override; error
    @(22.6200 mm, 7.7000 mm): Track [DIG_2] on B.Cu, length 0.0200 mm
    @(22.6200 mm, 7.7000 mm): Pad 9 [DIG_2] of DS1 on F.Cu
[unconnected_items]: Missing connection between items
    Local override; error
    @(23.6750 mm, 20.0000 mm): Track [SEG_C] on B.Cu, length 1.1250 mm
    @(23.6750 mm, 20.0000 mm): Pad 1 [SEG_C] of R3 on F.Cu
[unconnected_items]: Missing connection between items
    Local override; error
    @(13.1750 mm, 20.0000 mm): Pad 1 [SEG_E] of R5 on F.Cu
    @(38.1000 mm, 3.0625 mm): Pad 10 [SEG_E] of U1 on B.Cu
[unconnected_items]: Missing connection between items
    Local override; error
    @(25.6750 mm, 2.0000 mm): Track [SEG_B] on B.Cu, length 2.1250 mm
    @(25.6750 mm, 2.0000 mm): Pad 1 [SEG_B] of R2 on F.Cu
[unconnected_items]: Missing connection between items
    Local override; error
    @(13.6750 mm, 2.0000 mm): Pad 1 [SEG_A] of R1 on F.Cu
    @(13.6750 mm, 2.0000 mm): Track [SEG_A] on B.Cu, length 0.0250 mm
[unconnected_items]: Missing connection between items
    Local override; error
    @(33.0000 mm, 2.6750 mm): Pad 1 [LSE_IN] of C7 on B.Cu
    @(34.4000 mm, 4.3500 mm): Pad 1 [LSE_IN] of Y1 on B.Cu
[unconnected_items]: Missing connection between items
    Local override; error
    @(34.4000 mm, 4.3500 mm): Pad 1 [LSE_IN] of Y1 on B.Cu
    @(36.6625 mm, 6.0000 mm): Pad 2 [LSE_IN] of U1 on B.Cu
[unconnected_items]: Missing connection between items
    Local override; error
    @(35.5000 mm, 17.8000 mm): Track [NRST] on B.Cu, length 0.4243 mm
    @(36.6625 mm, 5.0000 mm): Pad 4 [NRST] of U1 on B.Cu

** Found 0 Footprint errors **

** Ignored checks **
    - Footprint has no courtyard defined
    - Track endpoint not centered on via
    - Tuning profile track geometries
    - Footprint doesn't match symbol's footprint filters
    - Footprint component type doesn't match footprint pads

** End of Report **
