** Drc report for countdown.kicad_pcb **
** Created on 2026-07-21T21:55:26 **
** Report includes: Errors **

** Found 0 DRC violations **

** Found 54 unconnected pads **
[unconnected_items]: Missing connection between items
    Local override; error
    @(16.6750 mm, 20.0000 mm): Pad 1 [SEG_D] of R4 on F.Cu
    @(37.6000 mm, 3.0625 mm): Pad 9 [SEG_D] of U1 on B.Cu
[unconnected_items]: Missing connection between items
    Local override; error
    @(17.5400 mm, 15.8000 mm): Pad 2 [LED_D] of DS1 on F.Cu
    @(18.3250 mm, 20.0000 mm): Pad 2 [LED_D] of R4 on F.Cu
[unconnected_items]: Missing connection between items
    Local override; error
    @(17.6750 mm, 2.0000 mm): Pad 1 [SEG_F] of R6 on F.Cu
    @(38.6000 mm, 3.0625 mm): Pad 11 [SEG_F] of U1 on B.Cu
[unconnected_items]: Missing connection between items
    Local override; error
    @(19.3250 mm, 2.0000 mm): Pad 2 [LED_F] of R6 on F.Cu
    @(20.0800 mm, 7.2000 mm): Pad 10 [LED_F] of DS1 on F.Cu
[unconnected_items]: Missing connection between items
    Local override; error
    @(20.1750 mm, 20.0000 mm): Pad 1 [SEG_DP] of R8 on F.Cu
    @(39.6000 mm, 3.0625 mm): Pad 13 [SEG_DP] of U1 on B.Cu
[unconnected_items]: Missing connection between items
    Local override; error
    @(20.0800 mm, 15.8000 mm): Pad 3 [LED_DP] of DS1 on F.Cu
    @(21.8250 mm, 20.0000 mm): Pad 2 [LED_DP] of R8 on F.Cu
[unconnected_items]: Missing connection between items
    Local override; error
    @(13.6750 mm, 2.0000 mm): Pad 1 [SEG_A] of R1 on F.Cu
    @(36.6625 mm, 4.0000 mm): Pad 6 [SEG_A] of U1 on B.Cu
[unconnected_items]: Missing connection between items
    Local override; error
    @(15.3250 mm, 2.0000 mm): Pad 2 [LED_A] of R1 on F.Cu
    @(17.5400 mm, 7.2000 mm): Pad 11 [LED_A] of DS1 on F.Cu
[unconnected_items]: Missing connection between items
    Local override; error
    @(13.1750 mm, 20.0000 mm): Pad 1 [SEG_E] of R5 on F.Cu
    @(38.1000 mm, 3.0625 mm): Pad 10 [SEG_E] of U1 on B.Cu
[unconnected_items]: Missing connection between items
    Local override; error
    @(14.8250 mm, 20.0000 mm): Pad 2 [LED_E] of R5 on F.Cu
    @(15.0000 mm, 15.8000 mm): Pad 1 [LED_E] of DS1 on F.Cu
[unconnected_items]: Missing connection between items
    Local override; error
    @(22.6200 mm, 15.8000 mm): Pad 4 [LED_C] of DS1 on F.Cu
    @(25.3250 mm, 20.0000 mm): Pad 2 [LED_C] of R3 on F.Cu
[unconnected_items]: Missing connection between items
    Local override; error
    @(25.1600 mm, 15.8000 mm): Pad 5 [LED_G] of DS1 on F.Cu
    @(28.8250 mm, 20.0000 mm): Pad 2 [LED_G] of R7 on F.Cu
[unconnected_items]: Missing connection between items
    Local override; error
    @(27.7000 mm, 15.8000 mm): Pad 6 [DIG_4] of DS1 on F.Cu
    @(40.5375 mm, 5.5000 mm): Pad 19 [DIG_4] of U1 on B.Cu
[unconnected_items]: Missing connection between items
    Local override; error
    @(27.3250 mm, 2.0000 mm): Pad 2 [LED_B] of R2 on F.Cu
    @(27.7000 mm, 7.2000 mm): Pad 7 [LED_B] of DS1 on F.Cu
[unconnected_items]: Missing connection between items
    Local override; error
    @(25.1600 mm, 7.2000 mm): Pad 8 [DIG_3] of DS1 on F.Cu
    @(40.5375 mm, 5.0000 mm): Pad 18 [DIG_3] of U1 on B.Cu
[unconnected_items]: Missing connection between items
    Local override; error
    @(22.6200 mm, 7.2000 mm): Pad 9 [DIG_2] of DS1 on F.Cu
    @(40.5975 mm, 3.5000 mm): Pad 15 [DIG_2] of U1 on B.Cu
[unconnected_items]: Missing connection between items
    Local override; error
    @(15.0000 mm, 7.2000 mm): Pad 12 [DIG_1] of DS1 on F.Cu
    @(40.1000 mm, 3.0025 mm): Pad 14 [DIG_1] of U1 on B.Cu
[unconnected_items]: Missing connection between items
    Local override; error
    @(37.5250 mm, 7.9000 mm): Pad 2 [BTN] of SW1 on F.Cu
    @(37.5250 mm, 14.1000 mm): Pad 1 [BTN] of SW1 on F.Cu
[unconnected_items]: Missing connection between items
    Local override; error
    @(39.1000 mm, 6.9375 mm): Pad 24 [BTN] of U1 on B.Cu
    @(37.5250 mm, 7.9000 mm): Pad 2 [BTN] of SW1 on F.Cu
[unconnected_items]: Missing connection between items
    Local override; error
    @(5.3750 mm, 1.9000 mm): Pad 2 [GND] of C5 on B.Cu
    @(2.6000 mm, 5.6750 mm): Pad 2 [GND] of R9 on B.Cu
[unconnected_items]: Missing connection between items
    Local override; error
    @(5.3750 mm, 20.1000 mm): Pad 2 [GND] of C6 on B.Cu
    @(10.6000 mm, 11.0000 mm): Pad 2 [GND] of BT1 on B.Cu
[unconnected_items]: Missing connection between items
    Local override; error
    @(10.6000 mm, 11.0000 mm): Pad 2 [GND] of BT1 on B.Cu
    @(2.6000 mm, 5.6750 mm): Pad 2 [GND] of R9 on B.Cu
[unconnected_items]: Missing connection between items
    Local override; error
    @(35.2000 mm, 10.6250 mm): Pad 2 [GND] of C8 on B.Cu
    @(37.1000 mm, 6.9975 mm): Pad 28 [GND] of U1 on B.Cu
[unconnected_items]: Missing connection between items
    Local override; error
    @(35.2000 mm, 10.6250 mm): Pad 2 [GND] of C8 on B.Cu
    @(39.3750 mm, 13.1000 mm): Pad 2 [GND] of C4 on B.Cu
[unconnected_items]: Missing connection between items
    Local override; error
    @(35.2000 mm, 10.6250 mm): Pad 2 [GND] of C8 on B.Cu
    @(10.6000 mm, 11.0000 mm): Pad 2 [GND] of BT1 on B.Cu
[unconnected_items]: Missing connection between items
    Local override; error
    @(37.1000 mm, 6.9975 mm): Pad 28 [GND] of U1 on B.Cu
    @(35.2000 mm, 6.2250 mm): Pad 2 [GND] of C7 on B.Cu
[unconnected_items]: Missing connection between items
    Local override; error
    @(38.1650 mm, 17.2300 mm): Pad 5 [GND] of J1 on B.Cu
    @(39.3750 mm, 13.1000 mm): Pad 2 [GND] of C4 on B.Cu
[unconnected_items]: Missing connection between items
    Local override; error
    @(39.3750 mm, 13.1000 mm): Pad 2 [GND] of C4 on B.Cu
    @(41.2750 mm, 14.1000 mm): Pad 3 [GND] of SW1 on F.Cu
[unconnected_items]: Missing connection between items
    Local override; error
    @(40.5375 mm, 4.0000 mm): Pad 16 [GND] of U1 on B.Cu
    @(42.2750 mm, 1.5000 mm): Pad 2 [GND] of C3 on B.Cu
[unconnected_items]: Missing connection between items
    Local override; error
    @(40.5375 mm, 4.0000 mm): Pad 16 [GND] of U1 on B.Cu
    @(41.2750 mm, 7.9000 mm): Pad 4 [GND] of SW1 on F.Cu
[unconnected_items]: Missing connection between items
    Local override; error
    @(40.5375 mm, 4.0000 mm): Pad 16 [GND] of U1 on B.Cu
    @(36.7750 mm, 1.6000 mm): Pad 2 [GND] of C2 on B.Cu
[unconnected_items]: Missing connection between items
    Local override; error
    @(41.2750 mm, 7.9000 mm): Pad 4 [GND] of SW1 on F.Cu
    @(37.1000 mm, 6.9975 mm): Pad 28 [GND] of U1 on B.Cu
[unconnected_items]: Missing connection between items
    Local override; error
    @(41.5000 mm, 8.0250 mm): Pad 2 [GND] of C1 on B.Cu
    @(41.2750 mm, 7.9000 mm): Pad 4 [GND] of SW1 on F.Cu
[unconnected_items]: Missing connection between items
    Local override; error
    @(23.6750 mm, 20.0000 mm): Pad 1 [SEG_C] of R3 on F.Cu
    @(37.1000 mm, 3.0025 mm): Pad 8 [SEG_C] of U1 on B.Cu
[unconnected_items]: Missing connection between items
    Local override; error
    @(25.6750 mm, 2.0000 mm): Pad 1 [SEG_B] of R2 on F.Cu
    @(36.6025 mm, 3.5000 mm): Pad 7 [SEG_B] of U1 on B.Cu
[unconnected_items]: Missing connection between items
    Local override; error
    @(27.1750 mm, 20.0000 mm): Pad 1 [SEG_G] of R7 on F.Cu
    @(39.1000 mm, 3.0625 mm): Pad 12 [SEG_G] of U1 on B.Cu
[unconnected_items]: Missing connection between items
    Local override; error
    @(3.8250 mm, 1.9000 mm): Pad 1 [VDD] of C5 on B.Cu
    @(3.8250 mm, 20.1000 mm): Pad 1 [VDD] of C6 on B.Cu
[unconnected_items]: Missing connection between items
    Local override; error
    @(32.4000 mm, 11.0000 mm): Pad 1 [VDD] of BT1 on B.Cu
    @(3.8250 mm, 1.9000 mm): Pad 1 [VDD] of C5 on B.Cu
[unconnected_items]: Missing connection between items
    Local override; error
    @(35.2250 mm, 1.6000 mm): Pad 1 [VDD] of C2 on B.Cu
    @(36.6625 mm, 4.5000 mm): Pad 5 [VDD] of U1 on B.Cu
[unconnected_items]: Missing connection between items
    Local override; error
    @(36.6625 mm, 4.5000 mm): Pad 5 [VDD] of U1 on B.Cu
    @(36.6025 mm, 6.5000 mm): Pad 1 [VDD] of U1 on B.Cu
[unconnected_items]: Missing connection between items
    Local override; error
    @(37.8250 mm, 13.1000 mm): Pad 1 [VDD] of C4 on B.Cu
    @(41.5000 mm, 9.5750 mm): Pad 1 [VDD] of C1 on B.Cu
[unconnected_items]: Missing connection between items
    Local override; error
    @(37.8250 mm, 13.1000 mm): Pad 1 [VDD] of C4 on B.Cu
    @(32.4000 mm, 11.0000 mm): Pad 1 [VDD] of BT1 on B.Cu
[unconnected_items]: Missing connection between items
    Local override; error
    @(38.1650 mm, 19.7700 mm): Pad 1 [VDD] of J1 on B.Cu
    @(37.8250 mm, 13.1000 mm): Pad 1 [VDD] of C4 on B.Cu
[unconnected_items]: Missing connection between items
    Local override; error
    @(40.5375 mm, 4.5000 mm): Pad 17 [VDD] of U1 on B.Cu
    @(36.6625 mm, 4.5000 mm): Pad 5 [VDD] of U1 on B.Cu
[unconnected_items]: Missing connection between items
    Local override; error
    @(41.5000 mm, 9.5750 mm): Pad 1 [VDD] of C1 on B.Cu
    @(40.5375 mm, 4.5000 mm): Pad 17 [VDD] of U1 on B.Cu
[unconnected_items]: Missing connection between items
    Local override; error
    @(35.2000 mm, 7.7750 mm): Pad 1 [LSE_IN] of C7 on B.Cu
    @(37.1000 mm, 8.7500 mm): Pad 1 [LSE_IN] of Y1 on B.Cu
[unconnected_items]: Missing connection between items
    Local override; error
    @(36.6625 mm, 6.0000 mm): Pad 2 [LSE_IN] of U1 on B.Cu
    @(35.2000 mm, 7.7750 mm): Pad 1 [LSE_IN] of C7 on B.Cu
[unconnected_items]: Missing connection between items
    Local override; error
    @(35.2000 mm, 12.1750 mm): Pad 1 [LSE_OUT] of C8 on B.Cu
    @(37.1000 mm, 11.2500 mm): Pad 2 [LSE_OUT] of Y1 on B.Cu
[unconnected_items]: Missing connection between items
    Local override; error
    @(37.1000 mm, 11.2500 mm): Pad 2 [LSE_OUT] of Y1 on B.Cu
    @(36.6625 mm, 5.5000 mm): Pad 3 [LSE_OUT] of U1 on B.Cu
[unconnected_items]: Missing connection between items
    Local override; error
    @(36.6625 mm, 5.0000 mm): Pad 4 [NRST] of U1 on B.Cu
    @(38.1650 mm, 18.5000 mm): Pad 3 [NRST] of J1 on B.Cu
[unconnected_items]: Missing connection between items
    Local override; error
    @(40.7250 mm, 1.5000 mm): Pad 1 [NRST] of C3 on B.Cu
    @(36.6625 mm, 5.0000 mm): Pad 4 [NRST] of U1 on B.Cu
[unconnected_items]: Missing connection between items
    Local override; error
    @(39.4350 mm, 19.7700 mm): Pad 2 [SWDIO] of J1 on B.Cu
    @(40.5975 mm, 6.5000 mm): Pad 21 [SWDIO] of U1 on B.Cu
[unconnected_items]: Missing connection between items
    Local override; error
    @(39.4350 mm, 18.5000 mm): Pad 4 [SWCLK] of J1 on B.Cu
    @(40.1000 mm, 6.9975 mm): Pad 22 [SWCLK] of U1 on B.Cu
[unconnected_items]: Missing connection between items
    Local override; error
    @(2.6000 mm, 7.3250 mm): Pad 1 [BOOT0] of R9 on B.Cu
    @(37.6000 mm, 6.9375 mm): Pad 27 [BOOT0] of U1 on B.Cu

** Found 0 Footprint errors **

** Ignored checks **
    - Footprint has no courtyard defined
    - Track endpoint not centered on via
    - Tuning profile track geometries
    - Footprint doesn't match symbol's footprint filters
    - Footprint component type doesn't match footprint pads

** End of Report **
