** Drc report for countdown.kicad_pcb **
** Created on 2026-07-22T01:10:17 **
** Report includes: Errors **

** Found 2 DRC violations **
[clearance]: Clearance violation (netclass 'Default' clearance 0.1500 mm; actual 0.1100 mm)
    Rule: netclass 'Default'; error
    @(38.8940 mm, 2.1391 mm): Track [SEG_DP] on In1.Cu, length 2.1786 mm
    @(38.1262 mm, 0.6500 mm): Via [SEG_F] on F.Cu - B.Cu
[clearance]: Clearance violation (netclass 'Power' clearance 0.1500 mm; actual 0.0800 mm)
    Rule: netclass 'Power'; error
    @(19.1596 mm, 0.5154 mm): Track [SEG_F] on F.Cu, length 18.9671 mm
    @(33.9000 mm, 1.1000 mm): Via [GND] on F.Cu - B.Cu

** Found 16 unconnected pads **
[unconnected_items]: Missing connection between items
    Local override; error
    @(22.6200 mm, 16.3000 mm): Track [LED_C] on B.Cu, length 0.0200 mm
    @(22.6200 mm, 16.3000 mm): Pad 4 [LED_C] of DS1 on F.Cu
[unconnected_items]: Missing connection between items
    Local override; error
    @(25.3000 mm, 20.0000 mm): Track [LED_C] on B.Cu, length 0.0250 mm
    @(25.3250 mm, 20.0000 mm): Pad 2 [LED_C] of R3 on F.Cu
[unconnected_items]: Missing connection between items
    Local override; error
    @(20.0800 mm, 16.3000 mm): Track [LED_DP] on B.Cu, length 0.0200 mm
    @(20.0800 mm, 16.3000 mm): Pad 3 [LED_DP] of DS1 on F.Cu
[unconnected_items]: Missing connection between items
    Local override; error
    @(21.8000 mm, 20.0000 mm): Track [LED_DP] on B.Cu, length 0.0250 mm
    @(21.8250 mm, 20.0000 mm): Pad 2 [LED_DP] of R8 on F.Cu
[unconnected_items]: Missing connection between items
    Local override; error
    @(19.3250 mm, 2.0000 mm): Track [LED_F] on B.Cu, length 0.0250 mm
    @(19.3250 mm, 2.0000 mm): Pad 2 [LED_F] of R6 on F.Cu
[unconnected_items]: Missing connection between items
    Local override; error
    @(20.1000 mm, 7.7000 mm): Track [LED_F] on B.Cu, length 0.0200 mm
    @(20.0800 mm, 7.7000 mm): Pad 10 [LED_F] of DS1 on F.Cu
[unconnected_items]: Missing connection between items
    Local override; error
    @(17.5400 mm, 16.3000 mm): Track [LED_D] on B.Cu, length 0.0400 mm
    @(17.5400 mm, 16.3000 mm): Pad 2 [LED_D] of DS1 on F.Cu
[unconnected_items]: Missing connection between items
    Local override; error
    @(18.3000 mm, 20.0000 mm): Track [LED_D] on B.Cu, length 0.0250 mm
    @(18.3250 mm, 20.0000 mm): Pad 2 [LED_D] of R4 on F.Cu
[unconnected_items]: Missing connection between items
    Local override; error
    @(15.3250 mm, 2.0000 mm): Track [LED_A] on B.Cu, length 0.0250 mm
    @(15.3250 mm, 2.0000 mm): Pad 2 [LED_A] of R1 on F.Cu
[unconnected_items]: Missing connection between items
    Local override; error
    @(17.5000 mm, 7.7000 mm): Track [LED_A] on B.Cu, length 0.0400 mm
    @(17.5400 mm, 7.7000 mm): Pad 11 [LED_A] of DS1 on F.Cu
[unconnected_items]: Missing connection between items
    Local override; error
    @(14.8250 mm, 20.0000 mm): Track [LED_E] on B.Cu, length 0.0250 mm
    @(14.8250 mm, 20.0000 mm): Pad 2 [LED_E] of R5 on F.Cu
[unconnected_items]: Missing connection between items
    Local override; error
    @(14.9000 mm, 16.4000 mm): Track [LED_E] on B.Cu, length 0.1414 mm
    @(15.0000 mm, 16.3000 mm): Pad 1 [LED_E] of DS1 on F.Cu
[unconnected_items]: Missing connection between items
    Local override; error
    @(27.3250 mm, 2.0000 mm): Track [LED_B] on B.Cu, length 0.0250 mm
    @(27.3250 mm, 2.0000 mm): Pad 2 [LED_B] of R2 on F.Cu
[unconnected_items]: Missing connection between items
    Local override; error
    @(27.6000 mm, 7.6000 mm): Track [LED_B] on B.Cu, length 0.1414 mm
    @(27.7000 mm, 7.7000 mm): Pad 7 [LED_B] of DS1 on F.Cu
[unconnected_items]: Missing connection between items
    Local override; error
    @(25.1600 mm, 16.3000 mm): Track [LED_G] on B.Cu, length 0.0400 mm
    @(25.1600 mm, 16.3000 mm): Pad 5 [LED_G] of DS1 on F.Cu
[unconnected_items]: Missing connection between items
    Local override; error
    @(28.8000 mm, 20.0000 mm): Track [LED_G] on B.Cu, length 0.0250 mm
    @(28.8250 mm, 20.0000 mm): Pad 2 [LED_G] of R7 on F.Cu

** Found 0 Footprint errors **

** Ignored checks **
    - Footprint has no courtyard defined
    - Track endpoint not centered on via
    - Tuning profile track geometries
    - Footprint doesn't match symbol's footprint filters
    - Footprint component type doesn't match footprint pads

** End of Report **
