Archive member included to satisfy reference by file (symbol)

/opt/homebrew/Cellar/arm-none-eabi-gcc/16.1.0/lib/gcc/arm-none-eabi/16.1.0/thumb/v6-m/nofp/libgcc.a(_udivsi3.o)
                              /var/folders/yk/vzzfx46d0vq4jq8x___b_g1c0000gn/T//ccdJpIXx.o (__aeabi_uidiv)
/opt/homebrew/Cellar/arm-none-eabi-gcc/16.1.0/lib/gcc/arm-none-eabi/16.1.0/thumb/v6-m/nofp/libgcc.a(_divsi3.o)
                              /var/folders/yk/vzzfx46d0vq4jq8x___b_g1c0000gn/T//ccdJpIXx.o (__aeabi_idiv)
/opt/homebrew/Cellar/arm-none-eabi-gcc/16.1.0/lib/gcc/arm-none-eabi/16.1.0/thumb/v6-m/nofp/libgcc.a(_dvmd_tls.o)
                              /opt/homebrew/Cellar/arm-none-eabi-gcc/16.1.0/lib/gcc/arm-none-eabi/16.1.0/thumb/v6-m/nofp/libgcc.a(_udivsi3.o) (__aeabi_idiv0)
/opt/homebrew/Cellar/arm-none-eabi-gcc/16.1.0/lib/gcc/arm-none-eabi/16.1.0/thumb/v6-m/nofp/libgcc.a(_aeabi_ldivmod.o)
                              /var/folders/yk/vzzfx46d0vq4jq8x___b_g1c0000gn/T//ccdJpIXx.o (__aeabi_ldivmod)
/opt/homebrew/Cellar/arm-none-eabi-gcc/16.1.0/lib/gcc/arm-none-eabi/16.1.0/thumb/v6-m/nofp/libgcc.a(_muldi3.o)
                              /var/folders/yk/vzzfx46d0vq4jq8x___b_g1c0000gn/T//ccdJpIXx.o (__aeabi_lmul)
/opt/homebrew/Cellar/arm-none-eabi-gcc/16.1.0/lib/gcc/arm-none-eabi/16.1.0/thumb/v6-m/nofp/libgcc.a(bpabi.o)
                              /opt/homebrew/Cellar/arm-none-eabi-gcc/16.1.0/lib/gcc/arm-none-eabi/16.1.0/thumb/v6-m/nofp/libgcc.a(_aeabi_ldivmod.o) (__gnu_ldivmod_helper)
/opt/homebrew/Cellar/arm-none-eabi-gcc/16.1.0/lib/gcc/arm-none-eabi/16.1.0/thumb/v6-m/nofp/libgcc.a(_divdi3.o)
                              /opt/homebrew/Cellar/arm-none-eabi-gcc/16.1.0/lib/gcc/arm-none-eabi/16.1.0/thumb/v6-m/nofp/libgcc.a(bpabi.o) (__divdi3)
/opt/homebrew/Cellar/arm-none-eabi-gcc/16.1.0/lib/gcc/arm-none-eabi/16.1.0/thumb/v6-m/nofp/libgcc.a(_clzdi2.o)
                              /opt/homebrew/Cellar/arm-none-eabi-gcc/16.1.0/lib/gcc/arm-none-eabi/16.1.0/thumb/v6-m/nofp/libgcc.a(_divdi3.o) (__clzdi2)
/opt/homebrew/Cellar/arm-none-eabi-gcc/16.1.0/lib/gcc/arm-none-eabi/16.1.0/thumb/v6-m/nofp/libgcc.a(_clzsi2.o)
                              /opt/homebrew/Cellar/arm-none-eabi-gcc/16.1.0/lib/gcc/arm-none-eabi/16.1.0/thumb/v6-m/nofp/libgcc.a(_clzdi2.o) (__clzsi2)

Merging object attributes


Discarded input sections

 .text          0x00000000        0x0 /var/folders/yk/vzzfx46d0vq4jq8x___b_g1c0000gn/T//ccdJpIXx.o
 .data          0x00000000        0x0 /var/folders/yk/vzzfx46d0vq4jq8x___b_g1c0000gn/T//ccdJpIXx.o
 .bss           0x00000000        0x0 /var/folders/yk/vzzfx46d0vq4jq8x___b_g1c0000gn/T//ccdJpIXx.o
 .text          0x00000000        0x0 /var/folders/yk/vzzfx46d0vq4jq8x___b_g1c0000gn/T//ccthkKuq.o
 .data          0x00000000        0x0 /var/folders/yk/vzzfx46d0vq4jq8x___b_g1c0000gn/T//ccthkKuq.o
 .bss           0x00000000        0x0 /var/folders/yk/vzzfx46d0vq4jq8x___b_g1c0000gn/T//ccthkKuq.o
 .data          0x00000000        0x0 /opt/homebrew/Cellar/arm-none-eabi-gcc/16.1.0/lib/gcc/arm-none-eabi/16.1.0/thumb/v6-m/nofp/libgcc.a(_udivsi3.o)
 .bss           0x00000000        0x0 /opt/homebrew/Cellar/arm-none-eabi-gcc/16.1.0/lib/gcc/arm-none-eabi/16.1.0/thumb/v6-m/nofp/libgcc.a(_udivsi3.o)
 .data          0x00000000        0x0 /opt/homebrew/Cellar/arm-none-eabi-gcc/16.1.0/lib/gcc/arm-none-eabi/16.1.0/thumb/v6-m/nofp/libgcc.a(_divsi3.o)
 .bss           0x00000000        0x0 /opt/homebrew/Cellar/arm-none-eabi-gcc/16.1.0/lib/gcc/arm-none-eabi/16.1.0/thumb/v6-m/nofp/libgcc.a(_divsi3.o)
 .data          0x00000000        0x0 /opt/homebrew/Cellar/arm-none-eabi-gcc/16.1.0/lib/gcc/arm-none-eabi/16.1.0/thumb/v6-m/nofp/libgcc.a(_dvmd_tls.o)
 .bss           0x00000000        0x0 /opt/homebrew/Cellar/arm-none-eabi-gcc/16.1.0/lib/gcc/arm-none-eabi/16.1.0/thumb/v6-m/nofp/libgcc.a(_dvmd_tls.o)
 .data          0x00000000        0x0 /opt/homebrew/Cellar/arm-none-eabi-gcc/16.1.0/lib/gcc/arm-none-eabi/16.1.0/thumb/v6-m/nofp/libgcc.a(_aeabi_ldivmod.o)
 .bss           0x00000000        0x0 /opt/homebrew/Cellar/arm-none-eabi-gcc/16.1.0/lib/gcc/arm-none-eabi/16.1.0/thumb/v6-m/nofp/libgcc.a(_aeabi_ldivmod.o)
 .data          0x00000000        0x0 /opt/homebrew/Cellar/arm-none-eabi-gcc/16.1.0/lib/gcc/arm-none-eabi/16.1.0/thumb/v6-m/nofp/libgcc.a(_muldi3.o)
 .bss           0x00000000        0x0 /opt/homebrew/Cellar/arm-none-eabi-gcc/16.1.0/lib/gcc/arm-none-eabi/16.1.0/thumb/v6-m/nofp/libgcc.a(_muldi3.o)
 .data          0x00000000        0x0 /opt/homebrew/Cellar/arm-none-eabi-gcc/16.1.0/lib/gcc/arm-none-eabi/16.1.0/thumb/v6-m/nofp/libgcc.a(bpabi.o)
 .bss           0x00000000        0x0 /opt/homebrew/Cellar/arm-none-eabi-gcc/16.1.0/lib/gcc/arm-none-eabi/16.1.0/thumb/v6-m/nofp/libgcc.a(bpabi.o)
 .data          0x00000000        0x0 /opt/homebrew/Cellar/arm-none-eabi-gcc/16.1.0/lib/gcc/arm-none-eabi/16.1.0/thumb/v6-m/nofp/libgcc.a(_divdi3.o)
 .bss           0x00000000        0x0 /opt/homebrew/Cellar/arm-none-eabi-gcc/16.1.0/lib/gcc/arm-none-eabi/16.1.0/thumb/v6-m/nofp/libgcc.a(_divdi3.o)
 .ARM.extab     0x00000000        0x0 /opt/homebrew/Cellar/arm-none-eabi-gcc/16.1.0/lib/gcc/arm-none-eabi/16.1.0/thumb/v6-m/nofp/libgcc.a(_divdi3.o)
 .data          0x00000000        0x0 /opt/homebrew/Cellar/arm-none-eabi-gcc/16.1.0/lib/gcc/arm-none-eabi/16.1.0/thumb/v6-m/nofp/libgcc.a(_clzdi2.o)
 .bss           0x00000000        0x0 /opt/homebrew/Cellar/arm-none-eabi-gcc/16.1.0/lib/gcc/arm-none-eabi/16.1.0/thumb/v6-m/nofp/libgcc.a(_clzdi2.o)
 .data          0x00000000        0x0 /opt/homebrew/Cellar/arm-none-eabi-gcc/16.1.0/lib/gcc/arm-none-eabi/16.1.0/thumb/v6-m/nofp/libgcc.a(_clzsi2.o)
 .bss           0x00000000        0x0 /opt/homebrew/Cellar/arm-none-eabi-gcc/16.1.0/lib/gcc/arm-none-eabi/16.1.0/thumb/v6-m/nofp/libgcc.a(_clzsi2.o)

Memory Configuration

Name             Origin             Length             Attributes
FLASH            0x08000000         0x00008000         xr
RAM              0x20000000         0x00002000         xrw
*default*        0x00000000         0xffffffff

Linker script and memory map

LOAD /var/folders/yk/vzzfx46d0vq4jq8x___b_g1c0000gn/T//ccdJpIXx.o
LOAD /var/folders/yk/vzzfx46d0vq4jq8x___b_g1c0000gn/T//ccthkKuq.o
LOAD /opt/homebrew/Cellar/arm-none-eabi-gcc/16.1.0/lib/gcc/arm-none-eabi/16.1.0/thumb/v6-m/nofp/libgcc.a
                0x20002000                        _estack = (ORIGIN (RAM) + LENGTH (RAM))

.isr_vector     0x08000000       0xc0
 *(.isr_vector)
 .isr_vector    0x08000000       0xc0 /var/folders/yk/vzzfx46d0vq4jq8x___b_g1c0000gn/T//ccthkKuq.o
                0x08000000                g_vectors

.text           0x080000c0      0xad0
 *(.text*)
 .text.gpio_mode
                0x080000c0       0x14 /var/folders/yk/vzzfx46d0vq4jq8x___b_g1c0000gn/T//ccdJpIXx.o
 .text.display_pins_active
                0x080000d4       0x68 /var/folders/yk/vzzfx46d0vq4jq8x___b_g1c0000gn/T//ccdJpIXx.o
 .text.render_value
                0x0800013c       0x64 /var/folders/yk/vzzfx46d0vq4jq8x___b_g1c0000gn/T//ccdJpIXx.o
 .text.display_countdown
                0x080001a0      0x234 /var/folders/yk/vzzfx46d0vq4jq8x___b_g1c0000gn/T//ccdJpIXx.o
 .text.SysTick_Handler
                0x080003d4       0x10 /var/folders/yk/vzzfx46d0vq4jq8x___b_g1c0000gn/T//ccdJpIXx.o
                0x080003d4                SysTick_Handler
 .text.EXTI2_3_IRQHandler
                0x080003e4        0xc /var/folders/yk/vzzfx46d0vq4jq8x___b_g1c0000gn/T//ccdJpIXx.o
                0x080003e4                EXTI2_3_IRQHandler
 .text.startup.main
                0x080003f0      0x160 /var/folders/yk/vzzfx46d0vq4jq8x___b_g1c0000gn/T//ccdJpIXx.o
                0x080003f0                main
 .text.Default_Handler
                0x08000550        0x2 /var/folders/yk/vzzfx46d0vq4jq8x___b_g1c0000gn/T//ccthkKuq.o
                0x08000550                HardFault_Handler
                0x08000550                PendSV_Handler
                0x08000550                NMI_Handler
                0x08000550                Default_Handler
                0x08000550                SVC_Handler
 *fill*         0x08000552        0x2 
 .text.Reset_Handler
                0x08000554       0x3c /var/folders/yk/vzzfx46d0vq4jq8x___b_g1c0000gn/T//ccthkKuq.o
                0x08000554                Reset_Handler
 .text          0x08000590      0x114 /opt/homebrew/Cellar/arm-none-eabi-gcc/16.1.0/lib/gcc/arm-none-eabi/16.1.0/thumb/v6-m/nofp/libgcc.a(_udivsi3.o)
                0x08000590                __udivsi3
                0x08000590                __aeabi_uidiv
                0x0800069c                __aeabi_uidivmod
 .text          0x080006a4      0x1d4 /opt/homebrew/Cellar/arm-none-eabi-gcc/16.1.0/lib/gcc/arm-none-eabi/16.1.0/thumb/v6-m/nofp/libgcc.a(_divsi3.o)
                0x080006a4                __aeabi_idiv
                0x080006a4                __divsi3
                0x08000870                __aeabi_idivmod
 .text          0x08000878        0x4 /opt/homebrew/Cellar/arm-none-eabi-gcc/16.1.0/lib/gcc/arm-none-eabi/16.1.0/thumb/v6-m/nofp/libgcc.a(_dvmd_tls.o)
                0x08000878                __aeabi_ldiv0
                0x08000878                __aeabi_idiv0
 .text          0x0800087c       0x48 /opt/homebrew/Cellar/arm-none-eabi-gcc/16.1.0/lib/gcc/arm-none-eabi/16.1.0/thumb/v6-m/nofp/libgcc.a(_aeabi_ldivmod.o)
                0x0800087c                __aeabi_ldivmod
 .text          0x080008c4       0x50 /opt/homebrew/Cellar/arm-none-eabi-gcc/16.1.0/lib/gcc/arm-none-eabi/16.1.0/thumb/v6-m/nofp/libgcc.a(_muldi3.o)
                0x080008c4                __aeabi_lmul
                0x080008c4                __muldi3
 .text          0x08000914       0x30 /opt/homebrew/Cellar/arm-none-eabi-gcc/16.1.0/lib/gcc/arm-none-eabi/16.1.0/thumb/v6-m/nofp/libgcc.a(bpabi.o)
                0x08000914                __gnu_ldivmod_helper
 .text          0x08000944      0x1d0 /opt/homebrew/Cellar/arm-none-eabi-gcc/16.1.0/lib/gcc/arm-none-eabi/16.1.0/thumb/v6-m/nofp/libgcc.a(_divdi3.o)
                0x08000944                __divdi3
 .text          0x08000b14       0x18 /opt/homebrew/Cellar/arm-none-eabi-gcc/16.1.0/lib/gcc/arm-none-eabi/16.1.0/thumb/v6-m/nofp/libgcc.a(_clzdi2.o)
                0x08000b14                __clzdi2
 .text          0x08000b2c       0x3c /opt/homebrew/Cellar/arm-none-eabi-gcc/16.1.0/lib/gcc/arm-none-eabi/16.1.0/thumb/v6-m/nofp/libgcc.a(_clzsi2.o)
                0x08000b2c                __clzsi2
 *(.rodata*)
 .rodata.DIG_PIN
                0x08000b68        0x4 /var/folders/yk/vzzfx46d0vq4jq8x___b_g1c0000gn/T//ccdJpIXx.o
 .rodata.DIG_PORT
                0x08000b6c       0x10 /var/folders/yk/vzzfx46d0vq4jq8x___b_g1c0000gn/T//ccdJpIXx.o
 .rodata.SEG_PINS
                0x08000b7c        0x8 /var/folders/yk/vzzfx46d0vq4jq8x___b_g1c0000gn/T//ccdJpIXx.o
 .rodata.FONT   0x08000b84        0xa /var/folders/yk/vzzfx46d0vq4jq8x___b_g1c0000gn/T//ccdJpIXx.o
                0x08000b90                        . = ALIGN (0x4)
 *fill*         0x08000b8e        0x2 
                0x08000b98                        _sidata = LOADADDR (.data)

.glue_7         0x08000b90        0x0
 .glue_7        0x08000b90        0x0 linker stubs

.glue_7t        0x08000b90        0x0
 .glue_7t       0x08000b90        0x0 linker stubs

.vfp11_veneer   0x08000b90        0x0
 .vfp11_veneer  0x08000b90        0x0 linker stubs

.v4_bx          0x08000b90        0x0
 .v4_bx         0x08000b90        0x0 linker stubs

.iplt           0x08000b90        0x0
 .iplt          0x08000b90        0x0 /var/folders/yk/vzzfx46d0vq4jq8x___b_g1c0000gn/T//ccdJpIXx.o

.rel.dyn        0x08000b90        0x0
 .rel.iplt      0x08000b90        0x0 /var/folders/yk/vzzfx46d0vq4jq8x___b_g1c0000gn/T//ccdJpIXx.o

.ARM.exidx      0x08000b90        0x8
 .ARM.exidx     0x08000b90        0x8 /opt/homebrew/Cellar/arm-none-eabi-gcc/16.1.0/lib/gcc/arm-none-eabi/16.1.0/thumb/v6-m/nofp/libgcc.a(_divdi3.o)

.data           0x20000000        0x0 load address 0x08000b98
                0x20000000                        . = ALIGN (0x4)
                0x20000000                        _sdata = .
 *(.data*)
                0x20000000                        . = ALIGN (0x4)
                0x20000000                        _edata = .

.igot.plt       0x20000000        0x0 load address 0x08000b98
 .igot.plt      0x20000000        0x0 /var/folders/yk/vzzfx46d0vq4jq8x___b_g1c0000gn/T//ccdJpIXx.o

.bss            0x20000000        0x4 load address 0x08000b98
                0x20000000                        . = ALIGN (0x4)
                0x20000000                        _sbss = .
 *(.bss*)
 .bss.g_ms      0x20000000        0x4 /var/folders/yk/vzzfx46d0vq4jq8x___b_g1c0000gn/T//ccdJpIXx.o
 *(COMMON)
                0x20000004                        . = ALIGN (0x4)
                0x20000004                        _ebss = .
OUTPUT(countdown.elf elf32-littlearm)
LOAD linker stubs

.debug_info     0x00000000     0x1e1f
 .debug_info    0x00000000     0x11b8 /var/folders/yk/vzzfx46d0vq4jq8x___b_g1c0000gn/T//ccdJpIXx.o
 .debug_info    0x000011b8      0x14c /var/folders/yk/vzzfx46d0vq4jq8x___b_g1c0000gn/T//ccthkKuq.o
 .debug_info    0x00001304       0x3e /opt/homebrew/Cellar/arm-none-eabi-gcc/16.1.0/lib/gcc/arm-none-eabi/16.1.0/thumb/v6-m/nofp/libgcc.a(_udivsi3.o)
 .debug_info    0x00001342       0x3e /opt/homebrew/Cellar/arm-none-eabi-gcc/16.1.0/lib/gcc/arm-none-eabi/16.1.0/thumb/v6-m/nofp/libgcc.a(_divsi3.o)
 .debug_info    0x00001380       0x3c /opt/homebrew/Cellar/arm-none-eabi-gcc/16.1.0/lib/gcc/arm-none-eabi/16.1.0/thumb/v6-m/nofp/libgcc.a(_dvmd_tls.o)
 .debug_info    0x000013bc       0x31 /opt/homebrew/Cellar/arm-none-eabi-gcc/16.1.0/lib/gcc/arm-none-eabi/16.1.0/thumb/v6-m/nofp/libgcc.a(_aeabi_ldivmod.o)
 .debug_info    0x000013ed      0x414 /opt/homebrew/Cellar/arm-none-eabi-gcc/16.1.0/lib/gcc/arm-none-eabi/16.1.0/thumb/v6-m/nofp/libgcc.a(_muldi3.o)
 .debug_info    0x00001801       0xf5 /opt/homebrew/Cellar/arm-none-eabi-gcc/16.1.0/lib/gcc/arm-none-eabi/16.1.0/thumb/v6-m/nofp/libgcc.a(bpabi.o)
 .debug_info    0x000018f6      0x4d4 /opt/homebrew/Cellar/arm-none-eabi-gcc/16.1.0/lib/gcc/arm-none-eabi/16.1.0/thumb/v6-m/nofp/libgcc.a(_divdi3.o)
 .debug_info    0x00001dca       0x24 /opt/homebrew/Cellar/arm-none-eabi-gcc/16.1.0/lib/gcc/arm-none-eabi/16.1.0/thumb/v6-m/nofp/libgcc.a(_clzdi2.o)
 .debug_info    0x00001dee       0x31 /opt/homebrew/Cellar/arm-none-eabi-gcc/16.1.0/lib/gcc/arm-none-eabi/16.1.0/thumb/v6-m/nofp/libgcc.a(_clzsi2.o)

.debug_abbrev   0x00000000      0x9c8
 .debug_abbrev  0x00000000      0x416 /var/folders/yk/vzzfx46d0vq4jq8x___b_g1c0000gn/T//ccdJpIXx.o
 .debug_abbrev  0x00000416      0x10c /var/folders/yk/vzzfx46d0vq4jq8x___b_g1c0000gn/T//ccthkKuq.o
 .debug_abbrev  0x00000522       0x28 /opt/homebrew/Cellar/arm-none-eabi-gcc/16.1.0/lib/gcc/arm-none-eabi/16.1.0/thumb/v6-m/nofp/libgcc.a(_udivsi3.o)
 .debug_abbrev  0x0000054a       0x28 /opt/homebrew/Cellar/arm-none-eabi-gcc/16.1.0/lib/gcc/arm-none-eabi/16.1.0/thumb/v6-m/nofp/libgcc.a(_divsi3.o)
 .debug_abbrev  0x00000572       0x26 /opt/homebrew/Cellar/arm-none-eabi-gcc/16.1.0/lib/gcc/arm-none-eabi/16.1.0/thumb/v6-m/nofp/libgcc.a(_dvmd_tls.o)
 .debug_abbrev  0x00000598       0x28 /opt/homebrew/Cellar/arm-none-eabi-gcc/16.1.0/lib/gcc/arm-none-eabi/16.1.0/thumb/v6-m/nofp/libgcc.a(_aeabi_ldivmod.o)
 .debug_abbrev  0x000005c0      0x14a /opt/homebrew/Cellar/arm-none-eabi-gcc/16.1.0/lib/gcc/arm-none-eabi/16.1.0/thumb/v6-m/nofp/libgcc.a(_muldi3.o)
 .debug_abbrev  0x0000070a       0xce /opt/homebrew/Cellar/arm-none-eabi-gcc/16.1.0/lib/gcc/arm-none-eabi/16.1.0/thumb/v6-m/nofp/libgcc.a(bpabi.o)
 .debug_abbrev  0x000007d8      0x1b4 /opt/homebrew/Cellar/arm-none-eabi-gcc/16.1.0/lib/gcc/arm-none-eabi/16.1.0/thumb/v6-m/nofp/libgcc.a(_divdi3.o)
 .debug_abbrev  0x0000098c       0x14 /opt/homebrew/Cellar/arm-none-eabi-gcc/16.1.0/lib/gcc/arm-none-eabi/16.1.0/thumb/v6-m/nofp/libgcc.a(_clzdi2.o)
 .debug_abbrev  0x000009a0       0x28 /opt/homebrew/Cellar/arm-none-eabi-gcc/16.1.0/lib/gcc/arm-none-eabi/16.1.0/thumb/v6-m/nofp/libgcc.a(_clzsi2.o)

.debug_loclists
                0x00000000      0xbef
 .debug_loclists
                0x00000000      0x553 /var/folders/yk/vzzfx46d0vq4jq8x___b_g1c0000gn/T//ccdJpIXx.o
 .debug_loclists
                0x00000553       0x47 /var/folders/yk/vzzfx46d0vq4jq8x___b_g1c0000gn/T//ccthkKuq.o
 .debug_loclists
                0x0000059a      0x11c /opt/homebrew/Cellar/arm-none-eabi-gcc/16.1.0/lib/gcc/arm-none-eabi/16.1.0/thumb/v6-m/nofp/libgcc.a(_muldi3.o)
 .debug_loclists
                0x000006b6       0x4f /opt/homebrew/Cellar/arm-none-eabi-gcc/16.1.0/lib/gcc/arm-none-eabi/16.1.0/thumb/v6-m/nofp/libgcc.a(bpabi.o)
 .debug_loclists
                0x00000705      0x4ea /opt/homebrew/Cellar/arm-none-eabi-gcc/16.1.0/lib/gcc/arm-none-eabi/16.1.0/thumb/v6-m/nofp/libgcc.a(_divdi3.o)

.debug_aranges  0x00000000      0x198
 .debug_aranges
                0x00000000       0x50 /var/folders/yk/vzzfx46d0vq4jq8x___b_g1c0000gn/T//ccdJpIXx.o
 .debug_aranges
                0x00000050       0x28 /var/folders/yk/vzzfx46d0vq4jq8x___b_g1c0000gn/T//ccthkKuq.o
 .debug_aranges
                0x00000078       0x20 /opt/homebrew/Cellar/arm-none-eabi-gcc/16.1.0/lib/gcc/arm-none-eabi/16.1.0/thumb/v6-m/nofp/libgcc.a(_udivsi3.o)
 .debug_aranges
                0x00000098       0x20 /opt/homebrew/Cellar/arm-none-eabi-gcc/16.1.0/lib/gcc/arm-none-eabi/16.1.0/thumb/v6-m/nofp/libgcc.a(_divsi3.o)
 .debug_aranges
                0x000000b8       0x20 /opt/homebrew/Cellar/arm-none-eabi-gcc/16.1.0/lib/gcc/arm-none-eabi/16.1.0/thumb/v6-m/nofp/libgcc.a(_dvmd_tls.o)
 .debug_aranges
                0x000000d8       0x20 /opt/homebrew/Cellar/arm-none-eabi-gcc/16.1.0/lib/gcc/arm-none-eabi/16.1.0/thumb/v6-m/nofp/libgcc.a(_aeabi_ldivmod.o)
 .debug_aranges
                0x000000f8       0x20 /opt/homebrew/Cellar/arm-none-eabi-gcc/16.1.0/lib/gcc/arm-none-eabi/16.1.0/thumb/v6-m/nofp/libgcc.a(_muldi3.o)
 .debug_aranges
                0x00000118       0x20 /opt/homebrew/Cellar/arm-none-eabi-gcc/16.1.0/lib/gcc/arm-none-eabi/16.1.0/thumb/v6-m/nofp/libgcc.a(bpabi.o)
 .debug_aranges
                0x00000138       0x20 /opt/homebrew/Cellar/arm-none-eabi-gcc/16.1.0/lib/gcc/arm-none-eabi/16.1.0/thumb/v6-m/nofp/libgcc.a(_divdi3.o)
 .debug_aranges
                0x00000158       0x20 /opt/homebrew/Cellar/arm-none-eabi-gcc/16.1.0/lib/gcc/arm-none-eabi/16.1.0/thumb/v6-m/nofp/libgcc.a(_clzdi2.o)
 .debug_aranges
                0x00000178       0x20 /opt/homebrew/Cellar/arm-none-eabi-gcc/16.1.0/lib/gcc/arm-none-eabi/16.1.0/thumb/v6-m/nofp/libgcc.a(_clzsi2.o)

.debug_rnglists
                0x00000000      0x19c
 .debug_rnglists
                0x00000000      0x142 /var/folders/yk/vzzfx46d0vq4jq8x___b_g1c0000gn/T//ccdJpIXx.o
 .debug_rnglists
                0x00000142       0x19 /var/folders/yk/vzzfx46d0vq4jq8x___b_g1c0000gn/T//ccthkKuq.o
 .debug_rnglists
                0x0000015b       0x22 /opt/homebrew/Cellar/arm-none-eabi-gcc/16.1.0/lib/gcc/arm-none-eabi/16.1.0/thumb/v6-m/nofp/libgcc.a(_muldi3.o)
 .debug_rnglists
                0x0000017d       0x1f /opt/homebrew/Cellar/arm-none-eabi-gcc/16.1.0/lib/gcc/arm-none-eabi/16.1.0/thumb/v6-m/nofp/libgcc.a(_divdi3.o)

.debug_line     0x00000000     0x1003
 .debug_line    0x00000000      0x913 /var/folders/yk/vzzfx46d0vq4jq8x___b_g1c0000gn/T//ccdJpIXx.o
 .debug_line    0x00000913       0xee /var/folders/yk/vzzfx46d0vq4jq8x___b_g1c0000gn/T//ccthkKuq.o
 .debug_line    0x00000a01       0x56 /opt/homebrew/Cellar/arm-none-eabi-gcc/16.1.0/lib/gcc/arm-none-eabi/16.1.0/thumb/v6-m/nofp/libgcc.a(_udivsi3.o)
 .debug_line    0x00000a57       0x5d /opt/homebrew/Cellar/arm-none-eabi-gcc/16.1.0/lib/gcc/arm-none-eabi/16.1.0/thumb/v6-m/nofp/libgcc.a(_divsi3.o)
 .debug_line    0x00000ab4       0x4a /opt/homebrew/Cellar/arm-none-eabi-gcc/16.1.0/lib/gcc/arm-none-eabi/16.1.0/thumb/v6-m/nofp/libgcc.a(_dvmd_tls.o)
 .debug_line    0x00000afe       0x55 /opt/homebrew/Cellar/arm-none-eabi-gcc/16.1.0/lib/gcc/arm-none-eabi/16.1.0/thumb/v6-m/nofp/libgcc.a(_aeabi_ldivmod.o)
 .debug_line    0x00000b53      0x116 /opt/homebrew/Cellar/arm-none-eabi-gcc/16.1.0/lib/gcc/arm-none-eabi/16.1.0/thumb/v6-m/nofp/libgcc.a(_muldi3.o)
 .debug_line    0x00000c69       0x8a /opt/homebrew/Cellar/arm-none-eabi-gcc/16.1.0/lib/gcc/arm-none-eabi/16.1.0/thumb/v6-m/nofp/libgcc.a(bpabi.o)
 .debug_line    0x00000cf3      0x25e /opt/homebrew/Cellar/arm-none-eabi-gcc/16.1.0/lib/gcc/arm-none-eabi/16.1.0/thumb/v6-m/nofp/libgcc.a(_divdi3.o)
 .debug_line    0x00000f51       0x54 /opt/homebrew/Cellar/arm-none-eabi-gcc/16.1.0/lib/gcc/arm-none-eabi/16.1.0/thumb/v6-m/nofp/libgcc.a(_clzdi2.o)
 .debug_line    0x00000fa5       0x5e /opt/homebrew/Cellar/arm-none-eabi-gcc/16.1.0/lib/gcc/arm-none-eabi/16.1.0/thumb/v6-m/nofp/libgcc.a(_clzsi2.o)

.debug_str      0x00000000      0xe60
 .debug_str     0x00000000      0xe60 /var/folders/yk/vzzfx46d0vq4jq8x___b_g1c0000gn/T//ccdJpIXx.o
                                0x6bb (size before relaxing)
 .debug_str     0x00000e60        0x0 /var/folders/yk/vzzfx46d0vq4jq8x___b_g1c0000gn/T//ccthkKuq.o
                                0x1df (size before relaxing)
 .debug_str     0x00000e60        0x0 /opt/homebrew/Cellar/arm-none-eabi-gcc/16.1.0/lib/gcc/arm-none-eabi/16.1.0/thumb/v6-m/nofp/libgcc.a(_udivsi3.o)
                                 0xd5 (size before relaxing)
 .debug_str     0x00000e60        0x0 /opt/homebrew/Cellar/arm-none-eabi-gcc/16.1.0/lib/gcc/arm-none-eabi/16.1.0/thumb/v6-m/nofp/libgcc.a(_divsi3.o)
                                 0xd3 (size before relaxing)
 .debug_str     0x00000e60        0x0 /opt/homebrew/Cellar/arm-none-eabi-gcc/16.1.0/lib/gcc/arm-none-eabi/16.1.0/thumb/v6-m/nofp/libgcc.a(_dvmd_tls.o)
                                 0xd6 (size before relaxing)
 .debug_str     0x00000e60        0x0 /opt/homebrew/Cellar/arm-none-eabi-gcc/16.1.0/lib/gcc/arm-none-eabi/16.1.0/thumb/v6-m/nofp/libgcc.a(_aeabi_ldivmod.o)
                                 0xca (size before relaxing)
 .debug_str     0x00000e60        0x0 /opt/homebrew/Cellar/arm-none-eabi-gcc/16.1.0/lib/gcc/arm-none-eabi/16.1.0/thumb/v6-m/nofp/libgcc.a(_muldi3.o)
                                0x657 (size before relaxing)
 .debug_str     0x00000e60        0x0 /opt/homebrew/Cellar/arm-none-eabi-gcc/16.1.0/lib/gcc/arm-none-eabi/16.1.0/thumb/v6-m/nofp/libgcc.a(bpabi.o)
                                0x19f (size before relaxing)
 .debug_str     0x00000e60        0x0 /opt/homebrew/Cellar/arm-none-eabi-gcc/16.1.0/lib/gcc/arm-none-eabi/16.1.0/thumb/v6-m/nofp/libgcc.a(_divdi3.o)
                                0x65a (size before relaxing)
 .debug_str     0x00000e60        0x0 /opt/homebrew/Cellar/arm-none-eabi-gcc/16.1.0/lib/gcc/arm-none-eabi/16.1.0/thumb/v6-m/nofp/libgcc.a(_clzdi2.o)
                                 0xba (size before relaxing)
 .debug_str     0x00000e60        0x0 /opt/homebrew/Cellar/arm-none-eabi-gcc/16.1.0/lib/gcc/arm-none-eabi/16.1.0/thumb/v6-m/nofp/libgcc.a(_clzsi2.o)
                                 0xc3 (size before relaxing)

.comment        0x00000000       0x12
 .comment       0x00000000       0x12 /var/folders/yk/vzzfx46d0vq4jq8x___b_g1c0000gn/T//ccdJpIXx.o
                                 0x13 (size before relaxing)
 .comment       0x00000012        0x0 /var/folders/yk/vzzfx46d0vq4jq8x___b_g1c0000gn/T//ccthkKuq.o
                                 0x13 (size before relaxing)
 .comment       0x00000012        0x0 /opt/homebrew/Cellar/arm-none-eabi-gcc/16.1.0/lib/gcc/arm-none-eabi/16.1.0/thumb/v6-m/nofp/libgcc.a(_muldi3.o)
                                 0x13 (size before relaxing)
 .comment       0x00000012        0x0 /opt/homebrew/Cellar/arm-none-eabi-gcc/16.1.0/lib/gcc/arm-none-eabi/16.1.0/thumb/v6-m/nofp/libgcc.a(bpabi.o)
                                 0x13 (size before relaxing)
 .comment       0x00000012        0x0 /opt/homebrew/Cellar/arm-none-eabi-gcc/16.1.0/lib/gcc/arm-none-eabi/16.1.0/thumb/v6-m/nofp/libgcc.a(_divdi3.o)
                                 0x13 (size before relaxing)

.ARM.attributes
                0x00000000       0x2c
 .ARM.attributes
                0x00000000       0x2c /var/folders/yk/vzzfx46d0vq4jq8x___b_g1c0000gn/T//ccdJpIXx.o
 .ARM.attributes
                0x0000002c       0x2c /var/folders/yk/vzzfx46d0vq4jq8x___b_g1c0000gn/T//ccthkKuq.o
 .ARM.attributes
                0x00000058       0x1e /opt/homebrew/Cellar/arm-none-eabi-gcc/16.1.0/lib/gcc/arm-none-eabi/16.1.0/thumb/v6-m/nofp/libgcc.a(_udivsi3.o)
 .ARM.attributes
                0x00000076       0x1e /opt/homebrew/Cellar/arm-none-eabi-gcc/16.1.0/lib/gcc/arm-none-eabi/16.1.0/thumb/v6-m/nofp/libgcc.a(_divsi3.o)
 .ARM.attributes
                0x00000094       0x1e /opt/homebrew/Cellar/arm-none-eabi-gcc/16.1.0/lib/gcc/arm-none-eabi/16.1.0/thumb/v6-m/nofp/libgcc.a(_dvmd_tls.o)
 .ARM.attributes
                0x000000b2       0x1e /opt/homebrew/Cellar/arm-none-eabi-gcc/16.1.0/lib/gcc/arm-none-eabi/16.1.0/thumb/v6-m/nofp/libgcc.a(_aeabi_ldivmod.o)
 .ARM.attributes
                0x000000d0       0x2c /opt/homebrew/Cellar/arm-none-eabi-gcc/16.1.0/lib/gcc/arm-none-eabi/16.1.0/thumb/v6-m/nofp/libgcc.a(_muldi3.o)
 .ARM.attributes
                0x000000fc       0x2c /opt/homebrew/Cellar/arm-none-eabi-gcc/16.1.0/lib/gcc/arm-none-eabi/16.1.0/thumb/v6-m/nofp/libgcc.a(bpabi.o)
 .ARM.attributes
                0x00000128       0x2c /opt/homebrew/Cellar/arm-none-eabi-gcc/16.1.0/lib/gcc/arm-none-eabi/16.1.0/thumb/v6-m/nofp/libgcc.a(_divdi3.o)
 .ARM.attributes
                0x00000154       0x1e /opt/homebrew/Cellar/arm-none-eabi-gcc/16.1.0/lib/gcc/arm-none-eabi/16.1.0/thumb/v6-m/nofp/libgcc.a(_clzdi2.o)
 .ARM.attributes
                0x00000172       0x1e /opt/homebrew/Cellar/arm-none-eabi-gcc/16.1.0/lib/gcc/arm-none-eabi/16.1.0/thumb/v6-m/nofp/libgcc.a(_clzsi2.o)

.debug_frame    0x00000000      0x1e0
 .debug_frame   0x00000000       0xc8 /var/folders/yk/vzzfx46d0vq4jq8x___b_g1c0000gn/T//ccdJpIXx.o
 .debug_frame   0x000000c8       0x38 /var/folders/yk/vzzfx46d0vq4jq8x___b_g1c0000gn/T//ccthkKuq.o
 .debug_frame   0x00000100       0x20 /opt/homebrew/Cellar/arm-none-eabi-gcc/16.1.0/lib/gcc/arm-none-eabi/16.1.0/thumb/v6-m/nofp/libgcc.a(_udivsi3.o)
 .debug_frame   0x00000120       0x20 /opt/homebrew/Cellar/arm-none-eabi-gcc/16.1.0/lib/gcc/arm-none-eabi/16.1.0/thumb/v6-m/nofp/libgcc.a(_divsi3.o)
 .debug_frame   0x00000140       0x34 /opt/homebrew/Cellar/arm-none-eabi-gcc/16.1.0/lib/gcc/arm-none-eabi/16.1.0/thumb/v6-m/nofp/libgcc.a(_muldi3.o)
 .debug_frame   0x00000174       0x30 /opt/homebrew/Cellar/arm-none-eabi-gcc/16.1.0/lib/gcc/arm-none-eabi/16.1.0/thumb/v6-m/nofp/libgcc.a(bpabi.o)
 .debug_frame   0x000001a4       0x3c /opt/homebrew/Cellar/arm-none-eabi-gcc/16.1.0/lib/gcc/arm-none-eabi/16.1.0/thumb/v6-m/nofp/libgcc.a(_divdi3.o)

.debug_line_str
                0x00000000       0xb8
 .debug_line_str
                0x00000000       0xb8 /opt/homebrew/Cellar/arm-none-eabi-gcc/16.1.0/lib/gcc/arm-none-eabi/16.1.0/thumb/v6-m/nofp/libgcc.a(_udivsi3.o)
                                 0xac (size before relaxing)
 .debug_line_str
                0x000000b8        0x0 /opt/homebrew/Cellar/arm-none-eabi-gcc/16.1.0/lib/gcc/arm-none-eabi/16.1.0/thumb/v6-m/nofp/libgcc.a(_divsi3.o)
                                 0xac (size before relaxing)
 .debug_line_str
                0x000000b8        0x0 /opt/homebrew/Cellar/arm-none-eabi-gcc/16.1.0/lib/gcc/arm-none-eabi/16.1.0/thumb/v6-m/nofp/libgcc.a(_dvmd_tls.o)
                                 0xac (size before relaxing)
 .debug_line_str
                0x000000b8        0x0 /opt/homebrew/Cellar/arm-none-eabi-gcc/16.1.0/lib/gcc/arm-none-eabi/16.1.0/thumb/v6-m/nofp/libgcc.a(_aeabi_ldivmod.o)
                                 0xac (size before relaxing)
 .debug_line_str
                0x000000b8        0x0 /opt/homebrew/Cellar/arm-none-eabi-gcc/16.1.0/lib/gcc/arm-none-eabi/16.1.0/thumb/v6-m/nofp/libgcc.a(_clzdi2.o)
                                 0xac (size before relaxing)
 .debug_line_str
                0x000000b8        0x0 /opt/homebrew/Cellar/arm-none-eabi-gcc/16.1.0/lib/gcc/arm-none-eabi/16.1.0/thumb/v6-m/nofp/libgcc.a(_clzsi2.o)
                                 0xac (size before relaxing)
